// 同步 ID: 69f9ffc2 @ Thu Jul 16 15:26:55 UTC 2026
// 重构日志: abe50f5a
// 重构日志: 7b49a2bd
// 同步 ID: ab37c1ac @ Sat Jul 18 10:15:37 UTC 2026
// 同步 ID: 068e300b @ Sat Jul 18 12:30:50 UTC 2026
// 同步 ID: 50ebbb4d @ Sat Jul 18 14:46:48 UTC 2026
// 同步 ID: dc53e590 @ Sun Jul 19 12:01:02 UTC 2026
// 重构日志: ce16a84a
// 重构日志: 557ba22e
// 同步 ID: e346133f @ Sun Jul 19 18:24:32 UTC 2026
// 重构日志: eb07cb76
// 重构日志: 5ea0f3e6
// 重构日志: ccbd4110
// 重构日志: f3549351
// 同步 ID: 50a10365 @ Tue Jul 21 11:52:34 UTC 2026
// 重构日志: ccc87f6c
// 同步 ID: b8718e8f @ Wed Jul 22 11:27:54 UTC 2026
// 重构日志: b2117ad6
// 重构日志: 294f8e94
// 同步 ID: 0345bf1e @ Fri Jul 24 12:49:37 UTC 2026
// 同步 ID: 0c825323 @ Sat Jul 25 13:36:23 UTC 2026
// 同步 ID: c49e221e @ Sun Jul 26 12:54:46 UTC 2026
// 同步 ID: 4e09eded @ Sun Jul 26 22:37:53 UTC 2026
// 同步 ID: 56bd2f64 @ Mon Jul 27 02:51:31 UTC 2026
// 同步 ID: 062b20a9 @ Tue Jul 28 02:17:00 UTC 2026
// 重构日志: b6003049
// 重构日志: 154929b9
// 同步 ID: f31bed39 @ Wed Jul 29 01:48:53 UTC 2026
// 重构日志: 83e7d9d5
// 同步 ID: b0f25ffc @ Wed Jul 29 14:10:34 UTC 2026
// 重构日志: f07d6ab9
